Broker 0
sh-5.1$ ./kafka-topics.sh --bootstrap-server localhost:9092 --describe \
| grep -E "process_|merchant_|transaction_"
sh: ./kafka-topics.sh: No such file or directory
sh-5.1$ 
sh-5.1$ 
sh-5.1$ 
sh-5.1$ 
sh-5.1$ cd bin
sh-5.1$ ./kafka-topics.sh --bootstrap-server localhost:9092 --describe | grep -E "process_|merchant_|transaction_"
Topic: transaction_push_verification_topic      TopicId: aI6DKCXKSQmLCHht4-X8Gw PartitionCount: 4       ReplicationFactor: 3    Configs: compression.type=producer,min.insync.replicas=2,cleanup.policy=delete,segment.bytes=1073741824
        Topic: transaction_push_verification_topic      Partition: 0    Leader: 2       Replicas: 1,2,0 Isr: 0,2,1      Elr:    LastKnownElr: 
        Topic: transaction_push_verification_topic      Partition: 1    Leader: 0       Replicas: 0,1,2 Isr: 0,2,1      Elr:    LastKnownElr: 
        Topic: transaction_push_verification_topic      Partition: 2    Leader: 2       Replicas: 1,2,0 Isr: 0,2,1      Elr:    LastKnownElr: 
        Topic: transaction_push_verification_topic      Partition: 3    Leader: 2       Replicas: 2,0,1 Isr: 0,2,1      Elr:    LastKnownElr: 
Topic: merchant_email_notification_topic        TopicId: p7pSsp37Rv2KbKA9XjtH1Q PartitionCount: 4       ReplicationFactor: 3    Configs: compression.type=producer,min.insync.replicas=2,cleanup.policy=delete,segment.bytes=1073741824
        Topic: merchant_email_notification_topic        Partition: 0    Leader: 2       Replicas: 1,2,0 Isr: 0,2,1      Elr:    LastKnownElr: 
        Topic: merchant_email_notification_topic        Partition: 1    Leader: 2       Replicas: 2,0,1 Isr: 0,2,1      Elr:    LastKnownElr: 
        Topic: merchant_email_notification_topic        Partition: 2    Leader: 0       Replicas: 0,1,2 Isr: 0,2,1      Elr:    LastKnownElr: 
        Topic: merchant_email_notification_topic        Partition: 3    Leader: 2       Replicas: 1,2,0 Isr: 0,2,1      Elr:    LastKnownElr: 
Topic: transaction_email_notification_topic     TopicId: V8cXU-wHRkyMbOC72pimpw PartitionCount: 4       ReplicationFactor: 3    Configs: compression.type=producer,min.insync.replicas=2,cleanup.policy=delete,segment.bytes=1073741824
        Topic: transaction_email_notification_topic     Partition: 0    Leader: 2       Replicas: 2,0,1 Isr: 0,2,1      Elr:    LastKnownElr: 
        Topic: transaction_email_notification_topic     Partition: 1    Leader: 2       Replicas: 1,2,0 Isr: 0,2,1      Elr:    LastKnownElr: 
        Topic: transaction_email_notification_topic     Partition: 2    Leader: 2       Replicas: 2,0,1 Isr: 0,2,1      Elr:    LastKnownElr: 
        Topic: transaction_email_notification_topic     Partition: 3    Leader: 0       Replicas: 0,1,2 Isr: 0,2,1      Elr:    LastKnownElr: 
Topic: process_bookingDetails_topic     TopicId: 7TkS0QN-Tk-0qXpSVkltPw PartitionCount: 4       ReplicationFactor: 3    Configs: compression.type=producer,min.insync.replicas=2,cleanup.policy=delete,segment.bytes=1073741824
        Topic: process_bookingDetails_topic     Partition: 0    Leader: 2       Replicas: 2,0,1 Isr: 0,2,1      Elr:    LastKnownElr: 
        Topic: process_bookingDetails_topic     Partition: 1    Leader: 0       Replicas: 0,1,2 Isr: 0,2,1      Elr:    LastKnownElr: 
        Topic: process_bookingDetails_topic     Partition: 2    Leader: 2       Replicas: 1,2,0 Isr: 0,2,1      Elr:    LastKnownElr: 
        Topic: process_bookingDetails_topic     Partition: 3    Leader: 2       Replicas: 2,0,1 Isr: 0,2,1      Elr:    LastKnownElr: 
Topic: merchant_sms_notification_topic  TopicId: lUTLfaY8QsaAEf8tdXIF2g PartitionCount: 4       ReplicationFactor: 3    Configs: compression.type=producer,min.insync.replicas=2,cleanup.policy=delete,segment.bytes=1073741824
        Topic: merchant_sms_notification_topic  Partition: 0    Leader: 2       Replicas: 2,0,1 Isr: 0,2,1      Elr:    LastKnownElr: 
        Topic: merchant_sms_notification_topic  Partition: 1    Leader: 0       Replicas: 0,1,2 Isr: 0,2,1      Elr:    LastKnownElr: 
        Topic: merchant_sms_notification_topic  Partition: 2    Leader: 2       Replicas: 1,2,0 Isr: 0,2,1      Elr:    LastKnownElr: 
        Topic: merchant_sms_notification_topic  Partition: 3    Leader: 2       Replicas: 2,0,1 Isr: 0,2,1      Elr:    LastKnownElr: 
Topic: transaction_sms_notification_topic       TopicId: BvzHujdsQoq2UQ1UUO5d3w PartitionCount: 4       ReplicationFactor: 3    Configs: compression.type=producer,min.insync.replicas=2,cleanup.policy=delete,segment.bytes=1073741824
        Topic: transaction_sms_notification_topic       Partition: 0    Leader: 2       Replicas: 1,2,0 Isr: 0,2,1      Elr:    LastKnownElr: 
        Topic: transaction_sms_notification_topic       Partition: 1    Leader: 2       Replicas: 1,2,0 Isr: 0,2,1      Elr:    LastKnownElr: 
        Topic: transaction_sms_notification_topic       Partition: 2    Leader: 2       Replicas: 2,0,1 Isr: 0,2,1      Elr:    LastKnownElr: 
        Topic: transaction_sms_notification_topic       Partition: 3    Leader: 0       Replicas: 0,1,2 Isr: 0,2,1      Elr:    LastKnownElr: 
Topic: process_bulk_refund_topic        TopicId: P_dQ80X1TYqY2_rmUQkBHA PartitionCount: 4       ReplicationFactor: 3    Configs: compression.type=producer,min.insync.replicas=2,cleanup.policy=delete,segment.bytes=1073741824
        Topic: process_bulk_refund_topic        Partition: 0    Leader: 0       Replicas: 0,1,2 Isr: 0,2,1      Elr:    LastKnownElr: 
        Topic: process_bulk_refund_topic        Partition: 1    Leader: 0       Replicas: 0,1,2 Isr: 0,2,1      Elr:    LastKnownElr: 
        Topic: process_bulk_refund_topic        Partition: 2    Leader: 2       Replicas: 1,2,0 Isr: 0,2,1      Elr:    LastKnownElr: 
        Topic: process_bulk_refund_topic        Partition: 3    Leader: 2       Replicas: 2,0,1 Isr: 0,2,1      Elr:    LastKnownElr: 
Topic: merchant_report_topic    TopicId: BxSE7Y8NTsidbb699JCFFw PartitionCount: 4       ReplicationFactor: 3    Configs: compression.type=producer,min.insync.replicas=2,cleanup.policy=delete,segment.bytes=1073741824
        Topic: merchant_report_topic    Partition: 0    Leader: 2       Replicas: 2,0,1 Isr: 0,2,1      Elr:    LastKnownElr: 
        Topic: merchant_report_topic    Partition: 1    Leader: 0       Replicas: 0,1,2 Isr: 0,2,1      Elr:    LastKnownElr: 
        Topic: merchant_report_topic    Partition: 2    Leader: 2       Replicas: 1,2,0 Isr: 0,2,1      Elr:    LastKnownElr: 
        Topic: merchant_report_topic    Partition: 3    Leader: 2       Replicas: 2,0,1 Isr: 0,2,1      Elr:    LastKnownElr: 
Topic: merchant_report_alert_topic      TopicId: G8A3maxRR_yoX958tsOjqg PartitionCount: 1       ReplicationFactor: 3    Configs: compression.type=producer,min.insync.replicas=2,cleanup.policy=delete,segment.bytes=1073741824
        Topic: merchant_report_alert_topic      Partition: 0    Leader: 0       Replicas: 0,1,2 Isr: 0,2,1      Elr:    LastKnownElr: 
sh-5.1$ 


===========================
Broker 1

sh-5.1$ cd bin
sh-5.1$ kafka-topics.sh --bootstrap-server localhost:9092 --describe \
| grep -E "process_|merchant_|transaction_"
sh: kafka-topics.sh: command not found
sh-5.1$ ./kafka-topics.sh --bootstrap-server localhost:9092 --describe | grep -E "process_|merchant_|transaction_"
Topic: transaction_push_verification_topic      TopicId: aI6DKCXKSQmLCHht4-X8Gw PartitionCount: 4       ReplicationFactor: 3    Configs: compression.type=producer,min.insync.replicas=2,cleanup.policy=delete,segment.bytes=1073741824
        Topic: transaction_push_verification_topic      Partition: 0    Leader: 2       Replicas: 1,2,0 Isr: 0,2,1      Elr:    LastKnownElr: 
        Topic: transaction_push_verification_topic      Partition: 1    Leader: 0       Replicas: 0,1,2 Isr: 0,2,1      Elr:    LastKnownElr: 
        Topic: transaction_push_verification_topic      Partition: 2    Leader: 2       Replicas: 1,2,0 Isr: 0,2,1      Elr:    LastKnownElr: 
        Topic: transaction_push_verification_topic      Partition: 3    Leader: 2       Replicas: 2,0,1 Isr: 0,2,1      Elr:    LastKnownElr: 
Topic: merchant_email_notification_topic        TopicId: p7pSsp37Rv2KbKA9XjtH1Q PartitionCount: 4       ReplicationFactor: 3    Configs: compression.type=producer,min.insync.replicas=2,cleanup.policy=delete,segment.bytes=1073741824
        Topic: merchant_email_notification_topic        Partition: 0    Leader: 2       Replicas: 1,2,0 Isr: 0,2,1      Elr:    LastKnownElr: 
        Topic: merchant_email_notification_topic        Partition: 1    Leader: 2       Replicas: 2,0,1 Isr: 0,2,1      Elr:    LastKnownElr: 
        Topic: merchant_email_notification_topic        Partition: 2    Leader: 0       Replicas: 0,1,2 Isr: 0,2,1      Elr:    LastKnownElr: 
        Topic: merchant_email_notification_topic        Partition: 3    Leader: 2       Replicas: 1,2,0 Isr: 0,2,1      Elr:    LastKnownElr: 
Topic: transaction_email_notification_topic     TopicId: V8cXU-wHRkyMbOC72pimpw PartitionCount: 4       ReplicationFactor: 3    Configs: compression.type=producer,min.insync.replicas=2,cleanup.policy=delete,segment.bytes=1073741824
        Topic: transaction_email_notification_topic     Partition: 0    Leader: 2       Replicas: 2,0,1 Isr: 0,2,1      Elr:    LastKnownElr: 
        Topic: transaction_email_notification_topic     Partition: 1    Leader: 2       Replicas: 1,2,0 Isr: 0,2,1      Elr:    LastKnownElr: 
        Topic: transaction_email_notification_topic     Partition: 2    Leader: 2       Replicas: 2,0,1 Isr: 0,2,1      Elr:    LastKnownElr: 
        Topic: transaction_email_notification_topic     Partition: 3    Leader: 0       Replicas: 0,1,2 Isr: 0,2,1      Elr:    LastKnownElr: 
Topic: process_bookingDetails_topic     TopicId: 7TkS0QN-Tk-0qXpSVkltPw PartitionCount: 4       ReplicationFactor: 3    Configs: compression.type=producer,min.insync.replicas=2,cleanup.policy=delete,segment.bytes=1073741824
        Topic: process_bookingDetails_topic     Partition: 0    Leader: 2       Replicas: 2,0,1 Isr: 0,2,1      Elr:    LastKnownElr: 
        Topic: process_bookingDetails_topic     Partition: 1    Leader: 0       Replicas: 0,1,2 Isr: 0,2,1      Elr:    LastKnownElr: 
        Topic: process_bookingDetails_topic     Partition: 2    Leader: 2       Replicas: 1,2,0 Isr: 0,2,1      Elr:    LastKnownElr: 
        Topic: process_bookingDetails_topic     Partition: 3    Leader: 2       Replicas: 2,0,1 Isr: 0,2,1      Elr:    LastKnownElr: 
Topic: merchant_sms_notification_topic  TopicId: lUTLfaY8QsaAEf8tdXIF2g PartitionCount: 4       ReplicationFactor: 3    Configs: compression.type=producer,min.insync.replicas=2,cleanup.policy=delete,segment.bytes=1073741824
        Topic: merchant_sms_notification_topic  Partition: 0    Leader: 2       Replicas: 2,0,1 Isr: 0,2,1      Elr:    LastKnownElr: 
        Topic: merchant_sms_notification_topic  Partition: 1    Leader: 0       Replicas: 0,1,2 Isr: 0,2,1      Elr:    LastKnownElr: 
        Topic: merchant_sms_notification_topic  Partition: 2    Leader: 2       Replicas: 1,2,0 Isr: 0,2,1      Elr:    LastKnownElr: 
        Topic: merchant_sms_notification_topic  Partition: 3    Leader: 2       Replicas: 2,0,1 Isr: 0,2,1      Elr:    LastKnownElr: 
Topic: transaction_sms_notification_topic       TopicId: BvzHujdsQoq2UQ1UUO5d3w PartitionCount: 4       ReplicationFactor: 3    Configs: compression.type=producer,min.insync.replicas=2,cleanup.policy=delete,segment.bytes=1073741824
        Topic: transaction_sms_notification_topic       Partition: 0    Leader: 2       Replicas: 1,2,0 Isr: 0,2,1      Elr:    LastKnownElr: 
        Topic: transaction_sms_notification_topic       Partition: 1    Leader: 2       Replicas: 1,2,0 Isr: 0,2,1      Elr:    LastKnownElr: 
        Topic: transaction_sms_notification_topic       Partition: 2    Leader: 2       Replicas: 2,0,1 Isr: 0,2,1      Elr:    LastKnownElr: 
        Topic: transaction_sms_notification_topic       Partition: 3    Leader: 0       Replicas: 0,1,2 Isr: 0,2,1      Elr:    LastKnownElr: 
Topic: process_bulk_refund_topic        TopicId: P_dQ80X1TYqY2_rmUQkBHA PartitionCount: 4       ReplicationFactor: 3    Configs: compression.type=producer,min.insync.replicas=2,cleanup.policy=delete,segment.bytes=1073741824
        Topic: process_bulk_refund_topic        Partition: 0    Leader: 0       Replicas: 0,1,2 Isr: 0,2,1      Elr:    LastKnownElr: 
        Topic: process_bulk_refund_topic        Partition: 1    Leader: 0       Replicas: 0,1,2 Isr: 0,2,1      Elr:    LastKnownElr: 
        Topic: process_bulk_refund_topic        Partition: 2    Leader: 2       Replicas: 1,2,0 Isr: 0,2,1      Elr:    LastKnownElr: 
        Topic: process_bulk_refund_topic        Partition: 3    Leader: 2       Replicas: 2,0,1 Isr: 0,2,1      Elr:    LastKnownElr: 
Topic: merchant_report_topic    TopicId: BxSE7Y8NTsidbb699JCFFw PartitionCount: 4       ReplicationFactor: 3    Configs: compression.type=producer,min.insync.replicas=2,cleanup.policy=delete,segment.bytes=1073741824
        Topic: merchant_report_topic    Partition: 0    Leader: 2       Replicas: 2,0,1 Isr: 0,2,1      Elr:    LastKnownElr: 
        Topic: merchant_report_topic    Partition: 1    Leader: 0       Replicas: 0,1,2 Isr: 0,2,1      Elr:    LastKnownElr: 
        Topic: merchant_report_topic    Partition: 2    Leader: 2       Replicas: 1,2,0 Isr: 0,2,1      Elr:    LastKnownElr: 
        Topic: merchant_report_topic    Partition: 3    Leader: 2       Replicas: 2,0,1 Isr: 0,2,1      Elr:    LastKnownElr: 
Topic: merchant_report_alert_topic      TopicId: G8A3maxRR_yoX958tsOjqg PartitionCount: 1       ReplicationFactor: 3    Configs: compression.type=producer,min.insync.replicas=2,cleanup.policy=delete,segment.bytes=1073741824
        Topic: merchant_report_alert_topic      Partition: 0    Leader: 0       Replicas: 0,1,2 Isr: 0,2,1      Elr:    LastKnownElr: 
sh-5.1$ 

========================
Broker 2

sh-5.1$ cd bin
sh-5.1$ kafka-topics.sh --bootstrap-server localhost:9092 --describe \
| grep -E "process_|merchant_|transaction_"
sh: kafka-topics.sh: command not found
sh-5.1$ ./kafka-topics.sh --bootstrap-server localhost:9092 --describe | grep -E "process_|merchant_|transaction_"
Topic: transaction_push_verification_topic      TopicId: aI6DKCXKSQmLCHht4-X8Gw PartitionCount: 4       ReplicationFactor: 3    Configs: compression.type=producer,min.insync.replicas=2,cleanup.policy=delete,segment.bytes=1073741824
        Topic: transaction_push_verification_topic      Partition: 0    Leader: 2       Replicas: 1,2,0 Isr: 0,2,1      Elr:    LastKnownElr: 
        Topic: transaction_push_verification_topic      Partition: 1    Leader: 0       Replicas: 0,1,2 Isr: 0,2,1      Elr:    LastKnownElr: 
        Topic: transaction_push_verification_topic      Partition: 2    Leader: 2       Replicas: 1,2,0 Isr: 0,2,1      Elr:    LastKnownElr: 
        Topic: transaction_push_verification_topic      Partition: 3    Leader: 2       Replicas: 2,0,1 Isr: 0,2,1      Elr:    LastKnownElr: 
Topic: merchant_email_notification_topic        TopicId: p7pSsp37Rv2KbKA9XjtH1Q PartitionCount: 4       ReplicationFactor: 3    Configs: compression.type=producer,min.insync.replicas=2,cleanup.policy=delete,segment.bytes=1073741824
        Topic: merchant_email_notification_topic        Partition: 0    Leader: 2       Replicas: 1,2,0 Isr: 0,2,1      Elr:    LastKnownElr: 
        Topic: merchant_email_notification_topic        Partition: 1    Leader: 2       Replicas: 2,0,1 Isr: 0,2,1      Elr:    LastKnownElr: 
        Topic: merchant_email_notification_topic        Partition: 2    Leader: 0       Replicas: 0,1,2 Isr: 0,2,1      Elr:    LastKnownElr: 
        Topic: merchant_email_notification_topic        Partition: 3    Leader: 2       Replicas: 1,2,0 Isr: 0,2,1      Elr:    LastKnownElr: 
Topic: transaction_email_notification_topic     TopicId: V8cXU-wHRkyMbOC72pimpw PartitionCount: 4       ReplicationFactor: 3    Configs: compression.type=producer,min.insync.replicas=2,cleanup.policy=delete,segment.bytes=1073741824
        Topic: transaction_email_notification_topic     Partition: 0    Leader: 2       Replicas: 2,0,1 Isr: 0,2,1      Elr:    LastKnownElr: 
        Topic: transaction_email_notification_topic     Partition: 1    Leader: 2       Replicas: 1,2,0 Isr: 0,2,1      Elr:    LastKnownElr: 
        Topic: transaction_email_notification_topic     Partition: 2    Leader: 2       Replicas: 2,0,1 Isr: 0,2,1      Elr:    LastKnownElr: 
        Topic: transaction_email_notification_topic     Partition: 3    Leader: 0       Replicas: 0,1,2 Isr: 0,2,1      Elr:    LastKnownElr: 
Topic: process_bookingDetails_topic     TopicId: 7TkS0QN-Tk-0qXpSVkltPw PartitionCount: 4       ReplicationFactor: 3    Configs: compression.type=producer,min.insync.replicas=2,cleanup.policy=delete,segment.bytes=1073741824
        Topic: process_bookingDetails_topic     Partition: 0    Leader: 2       Replicas: 2,0,1 Isr: 0,2,1      Elr:    LastKnownElr: 
        Topic: process_bookingDetails_topic     Partition: 1    Leader: 0       Replicas: 0,1,2 Isr: 0,2,1      Elr:    LastKnownElr: 
        Topic: process_bookingDetails_topic     Partition: 2    Leader: 2       Replicas: 1,2,0 Isr: 0,2,1      Elr:    LastKnownElr: 
        Topic: process_bookingDetails_topic     Partition: 3    Leader: 2       Replicas: 2,0,1 Isr: 0,2,1      Elr:    LastKnownElr: 
Topic: merchant_sms_notification_topic  TopicId: lUTLfaY8QsaAEf8tdXIF2g PartitionCount: 4       ReplicationFactor: 3    Configs: compression.type=producer,min.insync.replicas=2,cleanup.policy=delete,segment.bytes=1073741824
        Topic: merchant_sms_notification_topic  Partition: 0    Leader: 2       Replicas: 2,0,1 Isr: 0,2,1      Elr:    LastKnownElr: 
        Topic: merchant_sms_notification_topic  Partition: 1    Leader: 0       Replicas: 0,1,2 Isr: 0,2,1      Elr:    LastKnownElr: 
        Topic: merchant_sms_notification_topic  Partition: 2    Leader: 2       Replicas: 1,2,0 Isr: 0,2,1      Elr:    LastKnownElr: 
        Topic: merchant_sms_notification_topic  Partition: 3    Leader: 2       Replicas: 2,0,1 Isr: 0,2,1      Elr:    LastKnownElr: 
Topic: transaction_sms_notification_topic       TopicId: BvzHujdsQoq2UQ1UUO5d3w PartitionCount: 4       ReplicationFactor: 3    Configs: compression.type=producer,min.insync.replicas=2,cleanup.policy=delete,segment.bytes=1073741824
        Topic: transaction_sms_notification_topic       Partition: 0    Leader: 2       Replicas: 1,2,0 Isr: 0,2,1      Elr:    LastKnownElr: 
        Topic: transaction_sms_notification_topic       Partition: 1    Leader: 2       Replicas: 1,2,0 Isr: 0,2,1      Elr:    LastKnownElr: 
        Topic: transaction_sms_notification_topic       Partition: 2    Leader: 2       Replicas: 2,0,1 Isr: 0,2,1      Elr:    LastKnownElr: 
        Topic: transaction_sms_notification_topic       Partition: 3    Leader: 0       Replicas: 0,1,2 Isr: 0,2,1      Elr:    LastKnownElr: 
Topic: process_bulk_refund_topic        TopicId: P_dQ80X1TYqY2_rmUQkBHA PartitionCount: 4       ReplicationFactor: 3    Configs: compression.type=producer,min.insync.replicas=2,cleanup.policy=delete,segment.bytes=1073741824
        Topic: process_bulk_refund_topic        Partition: 0    Leader: 0       Replicas: 0,1,2 Isr: 0,2,1      Elr:    LastKnownElr: 
        Topic: process_bulk_refund_topic        Partition: 1    Leader: 0       Replicas: 0,1,2 Isr: 0,2,1      Elr:    LastKnownElr: 
        Topic: process_bulk_refund_topic        Partition: 2    Leader: 2       Replicas: 1,2,0 Isr: 0,2,1      Elr:    LastKnownElr: 
        Topic: process_bulk_refund_topic        Partition: 3    Leader: 2       Replicas: 2,0,1 Isr: 0,2,1      Elr:    LastKnownElr: 
Topic: merchant_report_topic    TopicId: BxSE7Y8NTsidbb699JCFFw PartitionCount: 4       ReplicationFactor: 3    Configs: compression.type=producer,min.insync.replicas=2,cleanup.policy=delete,segment.bytes=1073741824
        Topic: merchant_report_topic    Partition: 0    Leader: 2       Replicas: 2,0,1 Isr: 0,2,1      Elr:    LastKnownElr: 
        Topic: merchant_report_topic    Partition: 1    Leader: 0       Replicas: 0,1,2 Isr: 0,2,1      Elr:    LastKnownElr: 
        Topic: merchant_report_topic    Partition: 2    Leader: 2       Replicas: 1,2,0 Isr: 0,2,1      Elr:    LastKnownElr: 
        Topic: merchant_report_topic    Partition: 3    Leader: 2       Replicas: 2,0,1 Isr: 0,2,1      Elr:    LastKnownElr: 
Topic: merchant_report_alert_topic      TopicId: G8A3maxRR_yoX958tsOjqg PartitionCount: 1       ReplicationFactor: 3    Configs: compression.type=producer,min.insync.replicas=2,cleanup.policy=delete,segment.bytes=1073741824
        Topic: merchant_report_alert_topic      Partition: 0    Leader: 0       Replicas: 0,1,2 Isr: 0,2,1      Elr:    LastKnownElr: 
sh-5.1$ 
